
> @whatisboom/boom-ui@0.4.7 test
> vitest


[1m[46m RUN [49m[22m [36mv4.0.16 [39m[90m/Users/brandon/projects/boom-ui/.worktrees/test-memory-optimization[39m

 [31m❯[39m [30m[43m 0 [49m[39m src/components/primitives/Overlay/Overlay.test.tsx [2m([22m[2m6 tests[22m[2m | [22m[31m1 failed[39m[2m)[22m[32m 294[2mms[22m[39m
     [32m✓[39m should render children when open[32m 56[2mms[22m[39m
     [32m✓[39m should not render when closed[32m 38[2mms[22m[39m
     [32m✓[39m should call onClose on escape key[32m 44[2mms[22m[39m
[31m     [31m×[31m should call onClose on backdrop click[39m[32m 122[2mms[22m[39m
     [32m✓[39m should not close on content click[32m 12[2mms[22m[39m
     [32m✓[39m should lock scroll when enabled[32m 21[2mms[22m[39m
 [31m❯[39m [30m[43m 0 [49m[39m src/components/Form/Form.test.tsx [2m([22m[2m8 tests[22m[2m | [22m[31m4 failed[39m[2m)[22m[33m 581[2mms[22m[39m
     [32m✓[39m should render form element[32m 124[2mms[22m[39m
     [32m✓[39m should render fields from render prop[32m 34[2mms[22m[39m
[31m     [31m×[31m should validate on submit and show errors[39m[32m 48[2mms[22m[39m
[31m     [31m×[31m should call onSubmit with validated data[39m[32m 42[2mms[22m[39m
[31m     [31m×[31m should reset form when resetOnSubmit is true[39m[32m 22[2mms[22m[39m
[31m     [31m×[31m should support imperative control via ref[39m[32m 67[2mms[22m[39m
     [32m✓[39m should support custom field rendering[32m 17[2mms[22m[39m
     [32m✓[39m should have no accessibility violations[32m 226[2mms[22m[39m
 [32m✓[39m [30m[43m 0 [49m[39m src/components/RadioGroup/RadioGroup.test.tsx [2m([22m[2m20 tests[22m[2m)[22m[33m 1550[2mms[22m[39m
 [32m✓[39m [30m[43m 0 [49m[39m src/components/Table/TableHeaderCell.test.tsx [2m([22m[2m22 tests[22m[2m)[22m[33m 1537[2mms[22m[39m
 [32m✓[39m [30m[43m 0 [49m[39m src/components/Slider/Slider.test.tsx [2m([22m[2m39 tests[22m[2m)[22m[33m 2094[2mms[22m[39m
 [32m✓[39m [30m[43m 0 [49m[39m src/components/Table/Pagination.test.tsx [2m([22m[2m22 tests[22m[2m)[22m[33m 2280[2mms[22m[39m
     [33m[2m✓[22m[39m renders previous button disabled on first page [33m 370[2mms[22m[39m
 [31m❯[39m [30m[43m 0 [49m[39m src/components/Toast/Toast.test.tsx [2m([22m[2m12 tests[22m[2m | [22m[31m1 failed[39m[2m)[22m[33m 2291[2mms[22m[39m
     [32m✓[39m should render children[32m 101[2mms[22m[39m
     [32m✓[39m should show toast when toast() is called[32m 265[2mms[22m[39m
     [32m✓[39m should show toast with string parameter[32m 160[2mms[22m[39m
     [32m✓[39m should show toast with options object[32m 59[2mms[22m[39m
     [32m✓[39m should apply correct variant class[32m 98[2mms[22m[39m
     [32m✓[39m should auto-dismiss after duration[32m 157[2mms[22m[39m
[31m     [31m×[31m should dismiss when close button clicked[39m[33m 1097[2mms[22m[39m
     [32m✓[39m should show multiple toasts[32m 75[2mms[22m[39m
     [32m✓[39m should respect maxToasts limit[32m 102[2mms[22m[39m
     [32m✓[39m should throw error when useToast used outside provider[32m 13[2mms[22m[39m
     [32m✓[39m should have no accessibility violations[32m 124[2mms[22m[39m
     [32m✓[39m should have role="alert" and aria-live="polite"[32m 34[2mms[22m[39m
 [32m✓[39m [30m[43m 0 [49m[39m src/components/Tree/Tree.test.tsx [2m([22m[2m39 tests[22m[2m)[22m[33m 2342[2mms[22m[39m
 [32m✓[39m [30m[43m 0 [49m[39m src/components/Switch/Switch.test.tsx [2m([22m[2m28 tests[22m[2m)[22m[33m 1423[2mms[22m[39m
 [32m✓[39m [30m[43m 0 [49m[39m src/components/Tabs/Tabs.test.tsx [2m([22m[2m20 tests[22m[2m)[22m[33m 1287[2mms[22m[39m
 [32m✓[39m [30m[43m 0 [49m[39m src/components/Alert/Alert.test.tsx [2m([22m[2m19 tests[22m[2m)[22m[33m 1335[2mms[22m[39m
     [33m[2m✓[22m[39m should have no accessibility violations (all variants) [33m 307[2mms[22m[39m
 [32m✓[39m [30m[43m 0 [49m[39m src/components/Input/Input.test.tsx [2m([22m[2m29 tests[22m[2m)[22m[33m 1600[2mms[22m[39m
 [32m✓[39m [30m[43m 0 [49m[39m src/components/Textarea/Textarea.test.tsx [2m([22m[2m19 tests[22m[2m)[22m[33m 989[2mms[22m[39m
 [31m❯[39m [30m[43m 0 [49m[39m src/components/SearchCommand/SearchCommand.test.tsx [2m([22m[2m8 tests[22m[2m | [22m[31m5 failed[39m[2m)[22m[33m 5016[2mms[22m[39m
     [32m✓[39m should render search input when open[32m 73[2mms[22m[39m
     [32m✓[39m should not render when closed[32m 22[2mms[22m[39m
[31m     [31m×[31m should call onSearch with debounced input[39m[33m 647[2mms[22m[39m
[31m     [31m×[31m should render search results grouped by category[39m[33m 1078[2mms[22m[39m
[31m     [31m×[31m should call onSelect when result is clicked[39m[33m 1062[2mms[22m[39m
[31m     [31m×[31m should support keyboard navigation[39m[33m 1048[2mms[22m[39m
     [32m✓[39m should show loading state[32m 18[2mms[22m[39m
[31m     [31m×[31m should show empty message when no results[39m[33m 1066[2mms[22m[39m
 [32m✓[39m [30m[43m 0 [49m[39m src/components/Checkbox/Checkbox.test.tsx [2m([22m[2m28 tests[22m[2m)[22m[33m 1946[2mms[22m[39m
 [32m✓[39m [30m[43m 0 [49m[39m src/components/Select/Select.test.tsx [2m([22m[2m18 tests[22m[2m)[22m[33m 1890[2mms[22m[39m
 [32m✓[39m [30m[43m 0 [49m[39m src/components/Tooltip/Tooltip.test.tsx [2m([22m[2m12 tests[22m[2m)[22m[33m 1561[2mms[22m[39m
     [33m[2m✓[22m[39m should cancel delayed tooltip on mouse leave [33m 346[2mms[22m[39m
 [32m✓[39m [30m[43m 0 [49m[39m src/components/Table/TableRow.test.tsx [2m([22m[2m18 tests[22m[2m)[22m[33m 1766[2mms[22m[39m
 [32m✓[39m [30m[43m 0 [49m[39m src/components/Progress/Progress.test.tsx [2m([22m[2m22 tests[22m[2m)[22m[33m 1223[2mms[22m[39m
 [32m✓[39m [30m[43m 0 [49m[39m src/components/Hero/Hero.test.tsx [2m([22m[2m34 tests[22m[2m)[22m[33m 1595[2mms[22m[39m
 [32m✓[39m [30m[43m 0 [49m[39m src/components/ErrorBoundary/ErrorBoundary.test.tsx [2m([22m[2m11 tests[22m[2m)[22m[33m 1073[2mms[22m[39m
 [32m✓[39m [30m[43m 0 [49m[39m src/components/Card/Card.test.tsx [2m([22m[2m27 tests[22m[2m)[22m[33m 1237[2mms[22m[39m
 [32m✓[39m [30m[43m 0 [49m[39m src/components/Box/Box.test.tsx [2m([22m[2m13 tests[22m[2m)[22m[33m 727[2mms[22m[39m
 [32m✓[39m [30m[43m 0 [49m[39m src/components/Button/Button.test.tsx [2m([22m[2m13 tests[22m[2m)[22m[33m 951[2mms[22m[39m
 [32m✓[39m [30m[43m 0 [49m[39m src/components/Table/Table.test.tsx [2m([22m[2m10 tests[22m[2m)[22m[33m 802[2mms[22m[39m
 [32m✓[39m [30m[43m 0 [49m[39m src/components/Avatar/Avatar.test.tsx [2m([22m[2m21 tests[22m[2m)[22m[33m 1109[2mms[22m[39m
 [32m✓[39m [30m[43m 0 [49m[39m src/components/EmptyState/EmptyState.test.tsx [2m([22m[2m7 tests[22m[2m)[22m[33m 687[2mms[22m[39m
 [32m✓[39m [30m[43m 0 [49m[39m src/components/Skeleton/Skeleton.test.tsx [2m([22m[2m7 tests[22m[2m)[22m[33m 501[2mms[22m[39m
 [32m✓[39m [30m[43m 0 [49m[39m src/components/Badge/Badge.test.tsx [2m([22m[2m17 tests[22m[2m)[22m[33m 981[2mms[22m[39m
 [32m✓[39m [30m[43m 0 [49m[39m src/components/NotificationMenu/NotificationMenu.test.tsx [2m([22m[2m11 tests[22m[2m)[22m[33m 689[2mms[22m[39m
 [32m✓[39m [30m[43m 0 [49m[39m src/components/Typography/Typography.test.tsx [2m([22m[2m9 tests[22m[2m)[22m[33m 524[2mms[22m[39m
 [32m✓[39m [30m[43m 0 [49m[39m src/components/Spinner/Spinner.test.tsx [2m([22m[2m6 tests[22m[2m)[22m[33m 517[2mms[22m[39m
 [32m✓[39m [30m[43m 0 [49m[39m src/components/Table/SortIndicator.test.tsx [2m([22m[2m7 tests[22m[2m)[22m[33m 508[2mms[22m[39m
 [32m✓[39m [30m[43m 0 [49m[39m src/components/Stack/Stack.test.tsx [2m([22m[2m8 tests[22m[2m)[22m[33m 709[2mms[22m[39m
 [32m✓[39m [30m[43m 0 [49m[39m src/components/Skeleton/SkeletonText.test.tsx [2m([22m[2m4 tests[22m[2m)[22m[33m 555[2mms[22m[39m
 [32m✓[39m [30m[43m 0 [49m[39m src/components/Form/FormMessage.test.tsx [2m([22m[2m3 tests[22m[2m)[22m[33m 384[2mms[22m[39m
 [32m✓[39m [30m[43m 0 [49m[39m src/components/Skeleton/SkeletonCard.test.tsx [2m([22m[2m4 tests[22m[2m)[22m[33m 414[2mms[22m[39m
     [33m[2m✓[22m[39m should pass accessibility tests [33m 305[2mms[22m[39m
 [32m✓[39m [30m[43m 0 [49m[39m src/components/Navigation/Navigation.test.tsx [2m([22m[2m6 tests[22m[2m)[22m[33m 417[2mms[22m[39m
 [32m✓[39m [30m[43m 0 [49m[39m src/components/Skeleton/SkeletonAvatar.test.tsx [2m([22m[2m4 tests[22m[2m)[22m[33m 389[2mms[22m[39m
 [32m✓[39m [30m[43m 0 [49m[39m src/components/primitives/Drawer/Drawer.test.tsx [2m([22m[2m4 tests[22m[2m)[22m[33m 316[2mms[22m[39m
 [32m✓[39m [30m[43m 0 [49m[39m src/components/primitives/Popover/Popover.test.tsx [2m([22m[2m4 tests[22m[2m)[22m[33m 306[2mms[22m[39m
 [32m✓[39m [30m[43m 0 [49m[39m src/components/Table/TableCell.test.tsx [2m([22m[2m4 tests[22m[2m)[22m[33m 506[2mms[22m[39m
 [32m✓[39m [30m[43m 0 [49m[39m src/components/Table/TableBody.test.tsx [2m([22m[2m3 tests[22m[2m)[22m[33m 348[2mms[22m[39m
 [32m✓[39m [30m[43m 0 [49m[39m src/components/primitives/Modal/Modal.test.tsx [2m([22m[2m4 tests[22m[2m)[22m[33m 417[2mms[22m[39m
 [32m✓[39m [30m[43m 0 [49m[39m src/components/Header/Header.test.tsx [2m([22m[2m4 tests[22m[2m)[22m[33m 415[2mms[22m[39m
 [32m✓[39m [30m[43m 0 [49m[39m src/hooks/usePopoverPosition.test.ts [2m([22m[2m2 tests[22m[2m)[22m[32m 224[2mms[22m[39m
 [32m✓[39m [30m[43m 0 [49m[39m src/components/primitives/Portal/Portal.test.tsx [2m([22m[2m3 tests[22m[2m)[22m[32m 202[2mms[22m[39m
 [32m✓[39m [30m[43m 0 [49m[39m src/hooks/useKeyboardShortcut.test.ts [2m([22m[2m5 tests[22m[2m)[22m[32m 189[2mms[22m[39m
 [32m✓[39m [30m[43m 0 [49m[39m src/hooks/useScrollLock.test.ts [2m([22m[2m4 tests[22m[2m)[22m[32m 154[2mms[22m[39m
 [32m✓[39m [30m[43m 0 [49m[39m src/hooks/useFocusTrap.test.ts [2m([22m[2m2 tests[22m[2m)[22m[32m 100[2mms[22m[39m
 [32m✓[39m [30m[43m 0 [49m[39m src/hooks/useClickOutside.test.ts [2m([22m[2m3 tests[22m[2m)[22m[32m 101[2mms[22m[39m
 [32m✓[39m [30m[43m 0 [49m[39m src/hooks/useDebounce.test.ts [2m([22m[2m2 tests[22m[2m)[22m[32m 84[2mms[22m[39m
 [32m✓[39m [30m[43m 0 [49m[39m src/components/Table/TableHead.test.tsx [2m([22m[2m3 tests[22m[2m)[22m[33m 334[2mms[22m[39m
 [32m✓[39m [30m[43m 0 [49m[39m src/components/Form/FormActions.test.tsx [2m([22m[2m2 tests[22m[2m)[22m[32m 55[2mms[22m[39m
 [32m✓[39m [30m[43m 0 [49m[39m src/components/Form/hooks/useFormStep.test.ts [2m([22m[2m1 test[22m[2m)[22m[32m 41[2mms[22m[39m
 [32m✓[39m [30m[43m 0 [49m[39m src/utils/classnames.test.ts [2m([22m[2m5 tests[22m[2m)[22m[32m 12[2mms[22m[39m
 [32m✓[39m [30m[43m 0 [49m[39m src/utils/focus-management.test.ts [2m([22m[2m3 tests[22m[2m)[22m[32m 15[2mms[22m[39m

[31m⎯⎯⎯⎯⎯⎯[39m[1m[41m Failed Tests 11 [49m[22m[31m⎯⎯⎯⎯⎯⎯⎯[39m

[41m[1m FAIL [22m[49m [30m[43m 0 [49m[39m src/components/Form/Form.test.tsx[2m > [22mForm[2m > [22mshould validate on submit and show errors
[41m[1m FAIL [22m[49m [30m[43m 0 [49m[39m src/components/Form/Form.test.tsx[2m > [22mForm[2m > [22mshould call onSubmit with validated data
[41m[1m FAIL [22m[49m [30m[43m 0 [49m[39m src/components/Form/Form.test.tsx[2m > [22mForm[2m > [22mshould reset form when resetOnSubmit is true
[41m[1m FAIL [22m[49m [30m[43m 0 [49m[39m src/components/Form/Form.test.tsx[2m > [22mForm[2m > [22mshould support imperative control via ref
[31m[1mError[22m: Element type is invalid: expected a string (for built-in components) or a class/function (for composite components) but got: undefined. You likely forgot to export your component from the file it's defined in, or you might have mixed up default and named imports.

Check the render method of `Button`.[39m
[90m [2m❯[22m createFiberFromTypeAndProps ../../node_modules/react-dom/cjs/react-dom-client.development.js:[2m5021:28[22m[39m
[90m [2m❯[22m createFiberFromElement ../../node_modules/react-dom/cjs/react-dom-client.development.js:[2m5035:14[22m[39m
[90m [2m❯[22m reconcileChildFibersImpl ../../node_modules/react-dom/cjs/react-dom-client.development.js:[2m6920:31[22m[39m
[90m [2m❯[22m ../../node_modules/react-dom/cjs/react-dom-client.development.js:[2m7098:33[22m[39m
[90m [2m❯[22m reconcileChildren ../../node_modules/react-dom/cjs/react-dom-client.development.js:[2m9701:13[22m[39m
[90m [2m❯[22m updateForwardRef ../../node_modules/react-dom/cjs/react-dom-client.development.js:[2m9740:7[22m[39m
[90m [2m❯[22m beginWork ../../node_modules/react-dom/cjs/react-dom-client.development.js:[2m12117:18[22m[39m
[90m [2m❯[22m runWithFiberInDEV ../../node_modules/react-dom/cjs/react-dom-client.development.js:[2m874:13[22m[39m
[90m [2m❯[22m performUnitOfWork ../../node_modules/react-dom/cjs/react-dom-client.development.js:[2m17641:22[22m[39m
[90m [2m❯[22m workLoopSync ../../node_modules/react-dom/cjs/react-dom-client.development.js:[2m17469:41[22m[39m

[31m[2m⎯⎯⎯⎯⎯⎯⎯⎯⎯⎯⎯⎯⎯⎯⎯⎯⎯⎯⎯⎯⎯⎯⎯[1/11]⎯[22m[39m

[41m[1m FAIL [22m[49m [30m[43m 0 [49m[39m src/components/SearchCommand/SearchCommand.test.tsx[2m > [22mSearchCommand[2m > [22mshould call onSearch with debounced input
[31m[1mAssertionError[22m: expected "vi.fn()" to be called with arguments: [ 'test query' ][90m

Number of calls: [1m0[22m
[31m

Ignored nodes: comments, script, style
[36m<html[31m
  [33mstyle[31m=[32m""[31m
[36m>[31m
  [36m<head />[31m
  [36m<body[31m
    [33mstyle[31m=[32m"overflow: hidden; padding-right: 1024px;"[31m
  [36m>[31m
    [36m<div />[31m
    [36m<div[31m
      [33mclass[31m=[32m"_overlay_aecc82"[31m
    [36m>[31m
      [36m<div[31m
        [33mclass[31m=[32m"_backdrop_aecc82"[31m
        [33mdata-testid[31m=[32m"overlay-backdrop"[31m
      [36m/>[31m
      [36m<div[31m
        [33mclass[31m=[32m"_content_aecc82"[31m
      [36m>[31m
        [36m<div[31m
          [33maria-modal[31m=[32m"true"[31m
          [33mclass[31m=[32m"_modal_418a26 _lg_418a26"[31m
          [33mrole[31m=[32m"dialog"[31m
        [36m>[31m
          [36m<button[31m
            [33maria-label[31m=[32m"Close modal"[31m
            [33mclass[31m=[32m"_closeButton_418a26"[31m
          [36m>[31m
            [36m<svg[31m
              [33mfill[31m=[32m"currentColor"[31m
              [33mheight[31m=[32m"20"[31m
              [33mviewBox[31m=[32m"0 0 20 20"[31m
              [33mwidth[31m=[32m"20"[31m
            [36m>[31m
              [36m<path[31m
                [33md[31m=[32m"M4.293 4.293a1 1 0 011.414 0L10 8.586l4.293-4.293a1 1 0 111.414 1.414L11.414 10l4.293 4.293a1 1 0 01-1.414 1.414L10 11.414l-4.293 4.293a1 1 0 01-1.414-1.414L8.586 10 4.293 5.707a1 1 0 010-1.414z"[31m
              [36m/>[31m
            [36m</svg>[31m
          [36m</button>[31m
          [36m<div[31m
            [33mclass[31m=[32m"_body_418a26"[31m
          [36m>[31m
            [36m<div[31m
              [33mclass[31m=[32m"_container_f119bb"[31m
            [36m>[31m
              [36m<div[31m
                [33mclass[31m=[32m"_searchContainer_f119bb"[31m
              [36m>[31m
                [36m<input[31m
                  [33mclass[31m=[32m"_searchInput_f119bb"[31m
                  [33mplaceholder[31m=[32m"Search..."[31m
                  [33mtype[31m=[32m"text"[31m
                  [33mvalue[31m=[32m""[31m
                [36m/>[31m
              [36m</div>[31m
              [36m<div[31m
                [33mclass[31m=[32m"_resultsContainer_f119bb"[31m
              [36m/>[31m
              [36m<div[31m
                [33mclass[31m=[32m"_footer_f119bb"[31m
              [36m>[31m
                [36m<div[31m
                  [33mclass[31m=[32m"_footerItem_f119bb"[31m
                [36m>[31m
                  [36m<span[31m
                    [33mclass[31m=[32m"_kbd_f119bb"[31m
                  [36m>[31m
                    [0m↑↓[0m
                  [36m</span>[31m
                  [36m<span>[31m
                    [0mNavigate[0m
                  [36m</span>[31m
                [36m</div>[31m
                [36m<div[31m
                  [33mclass[31m=[32m"_footerItem_f119bb"[31m
                [36m>[31m
                  [36m<span[31m
                    [33mclass[31m=[32m"_kbd_f119bb"[31m
                  [36m>[31m
                    [0mEnter[0m
                  [36m</span>[31m
                  [36m<span>[31m
                    [0mSelect[0m
                  [36m</span>[31m
                [36m</div>[31m
                [36m<div[31m
                  [33mclass[31m=[32m"_footerItem_f119bb"[31m
                [36m>[31m
                  [36m<span[31m
                    [33mclass[31m=[32m"_kbd_f119bb"[31m
                  [36m>[31m
                    [0mEsc[0m
                  [36m</span>[31m
                  [36m<span>[31m
                    [0mClose[0m
                  [36m</span>[31m
                [36m</div>[31m
              [36m</div>[31m
            [36m</div>[31m
          [36m</div>[31m
        [36m</div>[31m
      [36m</div>[31m
    [36m</div>[31m
  [36m</body>[31m
[36m</html>[31m[39m
[36m [2m❯[22m __vi_import_2__.waitFor.timeout src/components/SearchCommand/SearchCommand.test.tsx:[2m91:26[22m[39m
    [90m 89| [39m    [35mawait[39m [34mwaitFor[39m(
    [90m 90| [39m      () [33m=>[39m {
    [90m 91| [39m        [34mexpect[39m(onSearch)[33m.[39m[34mtoHaveBeenCalledWith[39m([32m'test query'[39m)[33m;[39m
    [90m   | [39m                         [31m^[39m
    [90m 92| [39m      }[33m,[39m
    [90m 93| [39m      { timeout[33m:[39m [34m500[39m }
[90m [2m❯[22m runWithExpensiveErrorDiagnosticsDisabled ../../node_modules/@testing-library/dom/dist/config.js:[2m47:12[22m[39m
[90m [2m❯[22m checkCallback ../../node_modules/@testing-library/dom/dist/wait-for.js:[2m124:77[22m[39m
[90m [2m❯[22m Timeout.checkRealTimersCallback ../../node_modules/@testing-library/dom/dist/wait-for.js:[2m118:16[22m[39m

[31m[2m⎯⎯⎯⎯⎯⎯⎯⎯⎯⎯⎯⎯⎯⎯⎯⎯⎯⎯⎯⎯⎯⎯⎯[2/11]⎯[22m[39m

[41m[1m FAIL [22m[49m [30m[43m 0 [49m[39m src/components/SearchCommand/SearchCommand.test.tsx[2m > [22mSearchCommand[2m > [22mshould render search results grouped by category
[31m[1mTestingLibraryElementError[22m[39m: Unable to find an element with the text: Pages. This could be because the text is broken up by multiple elements. In this case, you can provide a function for your text matcher to make your matcher more flexible.

Ignored nodes: comments, script, style
[36m<body[39m
  [33mstyle[39m=[32m"overflow: hidden; padding-right: 1024px;"[39m
[36m>[39m
  [36m<div />[39m
  [36m<div[39m
    [33mclass[39m=[32m"_overlay_aecc82"[39m
  [36m>[39m
    [36m<div[39m
      [33mclass[39m=[32m"_backdrop_aecc82"[39m
      [33mdata-testid[39m=[32m"overlay-backdrop"[39m
    [36m/>[39m
    [36m<div[39m
      [33mclass[39m=[32m"_content_aecc82"[39m
    [36m>[39m
      [36m<div[39m
        [33maria-modal[39m=[32m"true"[39m
        [33mclass[39m=[32m"_modal_418a26 _lg_418a26"[39m
        [33mrole[39m=[32m"dialog"[39m
      [36m>[39m
        [36m<button[39m
          [33maria-label[39m=[32m"Close modal"[39m
          [33mclass[39m=[32m"_closeButton_418a26"[39m
        [36m>[39m
          [36m<svg[39m
            [33mfill[39m=[32m"currentColor"[39m
            [33mheight[39m=[32m"20"[39m
            [33mviewBox[39m=[32m"0 0 20 20"[39m
            [33mwidth[39m=[32m"20"[39m
          [36m>[39m
            [36m<path[39m
              [33md[39m=[32m"M4.293 4.293a1 1 0 011.414 0L10 8.586l4.293-4.293a1 1 0 111.414 1.414L11.414 10l4.293 4.293a1 1 0 01-1.414 1.414L10 11.414l-4.293 4.293a1 1 0 01-1.414-1.414L8.586 10 4.293 5.707a1 1 0 010-1.414z"[39m
            [36m/>[39m
          [36m</svg>[39m
        [36m</button>[39m
        [36m<div[39m
          [33mclass[39m=[32m"_body_418a26"[39m
        [36m>[39m
          [36m<div[39m
            [33mclass[39m=[32m"_container_f119bb"[39m
          [36m>[39m
            [36m<div[39m
              [33mclass[39m=[32m"_searchContainer_f119bb"[39m
            [36m>[39m
              [36m<input[39m
                [33mclass[39m=[32m"_searchInput_f119bb"[39m
                [33mplaceholder[39m=[32m"Search..."[39m
                [33mtype[39m=[32m"text"[39m
                [33mvalue[39m=[32m""[39m
              [36m/>[39m
            [36m</div>[39m
            [36m<div[39m
              [33mclass[39m=[32m"_resultsContainer_f119bb"[39m
            [36m/>[39m
            [36m<div[39m
              [33mclass[39m=[32m"_footer_f119bb"[39m
            [36m>[39m
              [36m<div[39m
                [33mclass[39m=[32m"_footerItem_f119bb"[39m
              [36m>[39m
                [36m<span[39m
                  [33mclass[39m=[32m"_kbd_f119bb"[39m
                [36m>[39m
                  [0m↑↓[0m
                [36m</span>[39m
                [36m<span>[39m
                  [0mNavigate[0m
                [36m</span>[39m
              [36m</div>[39m
              [36m<div[39m
                [33mclass[39m=[32m"_footerItem_f119bb"[39m
              [36m>[39m
                [36m<span[39m
                  [33mclass[39m=[32m"_kbd_f119bb"[39m
                [36m>[39m
                  [0mEnter[0m
                [36m</span>[39m
                [36m<span>[39m
                  [0mSelect[0m
                [36m</span>[39m
              [36m</div>[39m
              [36m<div[39m
                [33mclass[39m=[32m"_footerItem_f119bb"[39m
              [36m>[39m
                [36m<span[39m
                  [33mclass[39m=[32m"_kbd_f119bb"[39m
                [36m>[39m
                  [0mEsc[0m
                [36m</span>[39m
                [36m<span>[39m
                  [0mClose[0m
                [36m</span>[39m
              [36m</div>[39m
            [36m</div>[39m
          [36m</div>[39m
        [36m</div>[39m
      [36m</div>[39m
    [36m</div>[39m
  [36m</div>[39m
[36m</body>[39m

Ignored nodes: comments, script, style
[36m<html[39m
  [33mstyle[39m=[32m""[39m
[36m>[39m
  [36m<head />[39m
  [36m<body[39m
    [33mstyle[39m=[32m"overflow: hidden; padding-right: 1024px;"[39m
  [36m>[39m
    [36m<div />[39m
    [36m<div[39m
      [33mclass[39m=[32m"_overlay_aecc82"[39m
    [36m>[39m
      [36m<div[39m
        [33mclass[39m=[32m"_backdrop_aecc82"[39m
        [33mdata-testid[39m=[32m"overlay-backdrop"[39m
      [36m/>[39m
      [36m<div[39m
        [33mclass[39m=[32m"_content_aecc82"[39m
      [36m>[39m
        [36m<div[39m
          [33maria-modal[39m=[32m"true"[39m
          [33mclass[39m=[32m"_modal_418a26 _lg_418a26"[39m
          [33mrole[39m=[32m"dialog"[39m
        [36m>[39m
          [36m<button[39m
            [33maria-label[39m=[32m"Close modal"[39m
            [33mclass[39m=[32m"_closeButton_418a26"[39m
          [36m>[39m
            [36m<svg[39m
              [33mfill[39m=[32m"currentColor"[39m
              [33mheight[39m=[32m"20"[39m
              [33mviewBox[39m=[32m"0 0 20 20"[39m
              [33mwidth[39m=[32m"20"[39m
            [36m>[39m
              [36m<path[39m
                [33md[39m=[32m"M4.293 4.293a1 1 0 011.414 0L10 8.586l4.293-4.293a1 1 0 111.414 1.414L11.414 10l4.293 4.293a1 1 0 01-1.414 1.414L10 11.414l-4.293 4.293a1 1 0 01-1.414-1.414L8.586 10 4.293 5.707a1 1 0 010-1.414z"[39m
              [36m/>[39m
            [36m</svg>[39m
          [36m</button>[39m
          [36m<div[39m
            [33mclass[39m=[32m"_body_418a26"[39m
          [36m>[39m
            [36m<div[39m
              [33mclass[39m=[32m"_container_f119bb"[39m
            [36m>[39m
              [36m<div[39m
                [33mclass[39m=[32m"_searchContainer_f119bb"[39m
              [36m>[39m
                [36m<input[39m
                  [33mclass[39m=[32m"_searchInput_f119bb"[39m
                  [33mplaceholder[39m=[32m"Search..."[39m
                  [33mtype[39m=[32m"text"[39m
                  [33mvalue[39m=[32m""[39m
                [36m/>[39m
              [36m</div>[39m
              [36m<div[39m
                [33mclass[39m=[32m"_resultsContainer_f119bb"[39m
              [36m/>[39m
              [36m<div[39m
                [33mclass[39m=[32m"_footer_f119bb"[39m
              [36m>[39m
                [36m<div[39m
                  [33mclass[39m=[32m"_footerItem_f119bb"[39m
                [36m>[39m
                  [36m<span[39m
                    [33mclass[39m=[32m"_kbd_f119bb"[39m
                  [36m>[39m
                    [0m↑↓[0m
                  [36m</span>[39m
                  [36m<span>[39m
                    [0mNavigate[0m
                  [36m</span>[39m
                [36m</div>[39m
                [36m<div[39m
                  [33mclass[39m=[32m"_footerItem_f119bb"[39m
                [36m>[39m
                  [36m<span[39m
                    [33mclass[39m=[32m"_kbd_f119bb"[39m
                  [36m>[39m
                    [0mEnter[0m
                  [36m</span>[39m
                  [36m<span>[39m
                    [0mSelect[0m
                  [36m</span>[39m
                [36m</div>[39m
                [36m<div[39m
                  [33mclass[39m=[32m"_footerItem_f119bb"[39m
                [36m>[39m
                  [36m<span[39m
                    [33mclass[39m=[32m"_kbd_f119bb"[39m
                  [36m>[39m
                    [0mEsc[0m
                  [36m</span>[39m
                  [36m<span>[39m
                    [0mClose[0m
                  [36m</span>[39m
                [36m</div>[39m
              [36m</div>[39m
            [36m</div>[39m
          [36m</div>[39m
        [36m</div>[39m
      [36m</div>[39m
    [36m</div>[39m
  [36m</body>[39m
[36m</html>[39m
[90m [2m❯[22m Module.waitForWrapper ../../node_modules/@testing-library/dom/dist/wait-for.js:[2m163:27[22m[39m
[36m [2m❯[22m src/components/SearchCommand/SearchCommand.test.tsx:[2m112:11[22m[39m
    [90m110| [39m    [35mawait[39m user[33m.[39m[34mtype[39m(input[33m,[39m [32m'test'[39m)[33m;[39m
    [90m111| [39m
    [90m112| [39m    [35mawait[39m [34mwaitFor[39m(() [33m=>[39m {
    [90m   | [39m          [31m^[39m
    [90m113| [39m      [34mexpect[39m(screen[33m.[39m[34mgetByText[39m([32m'Pages'[39m))[33m.[39m[34mtoBeInTheDocument[39m()[33m;[39m
    [90m114| [39m    })[33m;[39m

[31m[2m⎯⎯⎯⎯⎯⎯⎯⎯⎯⎯⎯⎯⎯⎯⎯⎯⎯⎯⎯⎯⎯⎯⎯[3/11]⎯[22m[39m

[41m[1m FAIL [22m[49m [30m[43m 0 [49m[39m src/components/SearchCommand/SearchCommand.test.tsx[2m > [22mSearchCommand[2m > [22mshould call onSelect when result is clicked
[31m[1mTestingLibraryElementError[22m[39m: Unable to find an element with the text: Test. This could be because the text is broken up by multiple elements. In this case, you can provide a function for your text matcher to make your matcher more flexible.

Ignored nodes: comments, script, style
[36m<body[39m
  [33mstyle[39m=[32m"overflow: hidden; padding-right: 1024px;"[39m
[36m>[39m
  [36m<div />[39m
  [36m<div[39m
    [33mclass[39m=[32m"_overlay_aecc82"[39m
  [36m>[39m
    [36m<div[39m
      [33mclass[39m=[32m"_backdrop_aecc82"[39m
      [33mdata-testid[39m=[32m"overlay-backdrop"[39m
    [36m/>[39m
    [36m<div[39m
      [33mclass[39m=[32m"_content_aecc82"[39m
    [36m>[39m
      [36m<div[39m
        [33maria-modal[39m=[32m"true"[39m
        [33mclass[39m=[32m"_modal_418a26 _lg_418a26"[39m
        [33mrole[39m=[32m"dialog"[39m
      [36m>[39m
        [36m<button[39m
          [33maria-label[39m=[32m"Close modal"[39m
          [33mclass[39m=[32m"_closeButton_418a26"[39m
        [36m>[39m
          [36m<svg[39m
            [33mfill[39m=[32m"currentColor"[39m
            [33mheight[39m=[32m"20"[39m
            [33mviewBox[39m=[32m"0 0 20 20"[39m
            [33mwidth[39m=[32m"20"[39m
          [36m>[39m
            [36m<path[39m
              [33md[39m=[32m"M4.293 4.293a1 1 0 011.414 0L10 8.586l4.293-4.293a1 1 0 111.414 1.414L11.414 10l4.293 4.293a1 1 0 01-1.414 1.414L10 11.414l-4.293 4.293a1 1 0 01-1.414-1.414L8.586 10 4.293 5.707a1 1 0 010-1.414z"[39m
            [36m/>[39m
          [36m</svg>[39m
        [36m</button>[39m
        [36m<div[39m
          [33mclass[39m=[32m"_body_418a26"[39m
        [36m>[39m
          [36m<div[39m
            [33mclass[39m=[32m"_container_f119bb"[39m
          [36m>[39m
            [36m<div[39m
              [33mclass[39m=[32m"_searchContainer_f119bb"[39m
            [36m>[39m
              [36m<input[39m
                [33mclass[39m=[32m"_searchInput_f119bb"[39m
                [33mplaceholder[39m=[32m"Search..."[39m
                [33mtype[39m=[32m"text"[39m
                [33mvalue[39m=[32m""[39m
              [36m/>[39m
            [36m</div>[39m
            [36m<div[39m
              [33mclass[39m=[32m"_resultsContainer_f119bb"[39m
            [36m/>[39m
            [36m<div[39m
              [33mclass[39m=[32m"_footer_f119bb"[39m
            [36m>[39m
              [36m<div[39m
                [33mclass[39m=[32m"_footerItem_f119bb"[39m
              [36m>[39m
                [36m<span[39m
                  [33mclass[39m=[32m"_kbd_f119bb"[39m
                [36m>[39m
                  [0m↑↓[0m
                [36m</span>[39m
                [36m<span>[39m
                  [0mNavigate[0m
                [36m</span>[39m
              [36m</div>[39m
              [36m<div[39m
                [33mclass[39m=[32m"_footerItem_f119bb"[39m
              [36m>[39m
                [36m<span[39m
                  [33mclass[39m=[32m"_kbd_f119bb"[39m
                [36m>[39m
                  [0mEnter[0m
                [36m</span>[39m
                [36m<span>[39m
                  [0mSelect[0m
                [36m</span>[39m
              [36m</div>[39m
              [36m<div[39m
                [33mclass[39m=[32m"_footerItem_f119bb"[39m
              [36m>[39m
                [36m<span[39m
                  [33mclass[39m=[32m"_kbd_f119bb"[39m
                [36m>[39m
                  [0mEsc[0m
                [36m</span>[39m
                [36m<span>[39m
                  [0mClose[0m
                [36m</span>[39m
              [36m</div>[39m
            [36m</div>[39m
          [36m</div>[39m
        [36m</div>[39m
      [36m</div>[39m
    [36m</div>[39m
  [36m</div>[39m
[36m</body>[39m

Ignored nodes: comments, script, style
[36m<html[39m
  [33mstyle[39m=[32m""[39m
[36m>[39m
  [36m<head />[39m
  [36m<body[39m
    [33mstyle[39m=[32m"overflow: hidden; padding-right: 1024px;"[39m
  [36m>[39m
    [36m<div />[39m
    [36m<div[39m
      [33mclass[39m=[32m"_overlay_aecc82"[39m
    [36m>[39m
      [36m<div[39m
        [33mclass[39m=[32m"_backdrop_aecc82"[39m
        [33mdata-testid[39m=[32m"overlay-backdrop"[39m
      [36m/>[39m
      [36m<div[39m
        [33mclass[39m=[32m"_content_aecc82"[39m
      [36m>[39m
        [36m<div[39m
          [33maria-modal[39m=[32m"true"[39m
          [33mclass[39m=[32m"_modal_418a26 _lg_418a26"[39m
          [33mrole[39m=[32m"dialog"[39m
        [36m>[39m
          [36m<button[39m
            [33maria-label[39m=[32m"Close modal"[39m
            [33mclass[39m=[32m"_closeButton_418a26"[39m
          [36m>[39m
            [36m<svg[39m
              [33mfill[39m=[32m"currentColor"[39m
              [33mheight[39m=[32m"20"[39m
              [33mviewBox[39m=[32m"0 0 20 20"[39m
              [33mwidth[39m=[32m"20"[39m
            [36m>[39m
              [36m<path[39m
                [33md[39m=[32m"M4.293 4.293a1 1 0 011.414 0L10 8.586l4.293-4.293a1 1 0 111.414 1.414L11.414 10l4.293 4.293a1 1 0 01-1.414 1.414L10 11.414l-4.293 4.293a1 1 0 01-1.414-1.414L8.586 10 4.293 5.707a1 1 0 010-1.414z"[39m
              [36m/>[39m
            [36m</svg>[39m
          [36m</button>[39m
          [36m<div[39m
            [33mclass[39m=[32m"_body_418a26"[39m
          [36m>[39m
            [36m<div[39m
              [33mclass[39m=[32m"_container_f119bb"[39m
            [36m>[39m
              [36m<div[39m
                [33mclass[39m=[32m"_searchContainer_f119bb"[39m
              [36m>[39m
                [36m<input[39m
                  [33mclass[39m=[32m"_searchInput_f119bb"[39m
                  [33mplaceholder[39m=[32m"Search..."[39m
                  [33mtype[39m=[32m"text"[39m
                  [33mvalue[39m=[32m""[39m
                [36m/>[39m
              [36m</div>[39m
              [36m<div[39m
                [33mclass[39m=[32m"_resultsContainer_f119bb"[39m
              [36m/>[39m
              [36m<div[39m
                [33mclass[39m=[32m"_footer_f119bb"[39m
              [36m>[39m
                [36m<div[39m
                  [33mclass[39m=[32m"_footerItem_f119bb"[39m
                [36m>[39m
                  [36m<span[39m
                    [33mclass[39m=[32m"_kbd_f119bb"[39m
                  [36m>[39m
                    [0m↑↓[0m
                  [36m</span>[39m
                  [36m<span>[39m
                    [0mNavigate[0m
                  [36m</span>[39m
                [36m</div>[39m
                [36m<div[39m
                  [33mclass[39m=[32m"_footerItem_f119bb"[39m
                [36m>[39m
                  [36m<span[39m
                    [33mclass[39m=[32m"_kbd_f119bb"[39m
                  [36m>[39m
                    [0mEnter[0m
                  [36m</span>[39m
                  [36m<span>[39m
                    [0mSelect[0m
                  [36m</span>[39m
                [36m</div>[39m
                [36m<div[39m
                  [33mclass[39m=[32m"_footerItem_f119bb"[39m
                [36m>[39m
                  [36m<span[39m
                    [33mclass[39m=[32m"_kbd_f119bb"[39m
                  [36m>[39m
                    [0mEsc[0m
                  [36m</span>[39m
                  [36m<span>[39m
                    [0mClose[0m
                  [36m</span>[39m
                [36m</div>[39m
              [36m</div>[39m
            [36m</div>[39m
          [36m</div>[39m
        [36m</div>[39m
      [36m</div>[39m
    [36m</div>[39m
  [36m</body>[39m
[36m</html>[39m
[90m [2m❯[22m Module.waitForWrapper ../../node_modules/@testing-library/dom/dist/wait-for.js:[2m163:27[22m[39m
[36m [2m❯[22m src/components/SearchCommand/SearchCommand.test.tsx:[2m140:11[22m[39m
    [90m138| [39m    [35mawait[39m user[33m.[39m[34mtype[39m(input[33m,[39m [32m'test'[39m)[33m;[39m
    [90m139| [39m
    [90m140| [39m    [35mawait[39m [34mwaitFor[39m(() [33m=>[39m {
    [90m   | [39m          [31m^[39m
    [90m141| [39m      [34mexpect[39m(screen[33m.[39m[34mgetByText[39m([32m'Test'[39m))[33m.[39m[34mtoBeInTheDocument[39m()[33m;[39m
    [90m142| [39m    })[33m;[39m

[31m[2m⎯⎯⎯⎯⎯⎯⎯⎯⎯⎯⎯⎯⎯⎯⎯⎯⎯⎯⎯⎯⎯⎯⎯[4/11]⎯[22m[39m

[41m[1m FAIL [22m[49m [30m[43m 0 [49m[39m src/components/SearchCommand/SearchCommand.test.tsx[2m > [22mSearchCommand[2m > [22mshould support keyboard navigation
[31m[1mTestingLibraryElementError[22m[39m: Unable to find an element with the text: Dashboard. This could be because the text is broken up by multiple elements. In this case, you can provide a function for your text matcher to make your matcher more flexible.

Ignored nodes: comments, script, style
[36m<body[39m
  [33mstyle[39m=[32m"overflow: hidden; padding-right: 1024px;"[39m
[36m>[39m
  [36m<div />[39m
  [36m<div[39m
    [33mclass[39m=[32m"_overlay_aecc82"[39m
  [36m>[39m
    [36m<div[39m
      [33mclass[39m=[32m"_backdrop_aecc82"[39m
      [33mdata-testid[39m=[32m"overlay-backdrop"[39m
    [36m/>[39m
    [36m<div[39m
      [33mclass[39m=[32m"_content_aecc82"[39m
    [36m>[39m
      [36m<div[39m
        [33maria-modal[39m=[32m"true"[39m
        [33mclass[39m=[32m"_modal_418a26 _lg_418a26"[39m
        [33mrole[39m=[32m"dialog"[39m
      [36m>[39m
        [36m<button[39m
          [33maria-label[39m=[32m"Close modal"[39m
          [33mclass[39m=[32m"_closeButton_418a26"[39m
        [36m>[39m
          [36m<svg[39m
            [33mfill[39m=[32m"currentColor"[39m
            [33mheight[39m=[32m"20"[39m
            [33mviewBox[39m=[32m"0 0 20 20"[39m
            [33mwidth[39m=[32m"20"[39m
          [36m>[39m
            [36m<path[39m
              [33md[39m=[32m"M4.293 4.293a1 1 0 011.414 0L10 8.586l4.293-4.293a1 1 0 111.414 1.414L11.414 10l4.293 4.293a1 1 0 01-1.414 1.414L10 11.414l-4.293 4.293a1 1 0 01-1.414-1.414L8.586 10 4.293 5.707a1 1 0 010-1.414z"[39m
            [36m/>[39m
          [36m</svg>[39m
        [36m</button>[39m
        [36m<div[39m
          [33mclass[39m=[32m"_body_418a26"[39m
        [36m>[39m
          [36m<div[39m
            [33mclass[39m=[32m"_container_f119bb"[39m
          [36m>[39m
            [36m<div[39m
              [33mclass[39m=[32m"_searchContainer_f119bb"[39m
            [36m>[39m
              [36m<input[39m
                [33mclass[39m=[32m"_searchInput_f119bb"[39m
                [33mplaceholder[39m=[32m"Search..."[39m
                [33mtype[39m=[32m"text"[39m
                [33mvalue[39m=[32m""[39m
              [36m/>[39m
            [36m</div>[39m
            [36m<div[39m
              [33mclass[39m=[32m"_resultsContainer_f119bb"[39m
            [36m/>[39m
            [36m<div[39m
              [33mclass[39m=[32m"_footer_f119bb"[39m
            [36m>[39m
              [36m<div[39m
                [33mclass[39m=[32m"_footerItem_f119bb"[39m
              [36m>[39m
                [36m<span[39m
                  [33mclass[39m=[32m"_kbd_f119bb"[39m
                [36m>[39m
                  [0m↑↓[0m
                [36m</span>[39m
                [36m<span>[39m
                  [0mNavigate[0m
                [36m</span>[39m
              [36m</div>[39m
              [36m<div[39m
                [33mclass[39m=[32m"_footerItem_f119bb"[39m
              [36m>[39m
                [36m<span[39m
                  [33mclass[39m=[32m"_kbd_f119bb"[39m
                [36m>[39m
                  [0mEnter[0m
                [36m</span>[39m
                [36m<span>[39m
                  [0mSelect[0m
                [36m</span>[39m
              [36m</div>[39m
              [36m<div[39m
                [33mclass[39m=[32m"_footerItem_f119bb"[39m
              [36m>[39m
                [36m<span[39m
                  [33mclass[39m=[32m"_kbd_f119bb"[39m
                [36m>[39m
                  [0mEsc[0m
                [36m</span>[39m
                [36m<span>[39m
                  [0mClose[0m
                [36m</span>[39m
              [36m</div>[39m
            [36m</div>[39m
          [36m</div>[39m
        [36m</div>[39m
      [36m</div>[39m
    [36m</div>[39m
  [36m</div>[39m
[36m</body>[39m

Ignored nodes: comments, script, style
[36m<html[39m
  [33mstyle[39m=[32m""[39m
[36m>[39m
  [36m<head />[39m
  [36m<body[39m
    [33mstyle[39m=[32m"overflow: hidden; padding-right: 1024px;"[39m
  [36m>[39m
    [36m<div />[39m
    [36m<div[39m
      [33mclass[39m=[32m"_overlay_aecc82"[39m
    [36m>[39m
      [36m<div[39m
        [33mclass[39m=[32m"_backdrop_aecc82"[39m
        [33mdata-testid[39m=[32m"overlay-backdrop"[39m
      [36m/>[39m
      [36m<div[39m
        [33mclass[39m=[32m"_content_aecc82"[39m
      [36m>[39m
        [36m<div[39m
          [33maria-modal[39m=[32m"true"[39m
          [33mclass[39m=[32m"_modal_418a26 _lg_418a26"[39m
          [33mrole[39m=[32m"dialog"[39m
        [36m>[39m
          [36m<button[39m
            [33maria-label[39m=[32m"Close modal"[39m
            [33mclass[39m=[32m"_closeButton_418a26"[39m
          [36m>[39m
            [36m<svg[39m
              [33mfill[39m=[32m"currentColor"[39m
              [33mheight[39m=[32m"20"[39m
              [33mviewBox[39m=[32m"0 0 20 20"[39m
              [33mwidth[39m=[32m"20"[39m
            [36m>[39m
              [36m<path[39m
                [33md[39m=[32m"M4.293 4.293a1 1 0 011.414 0L10 8.586l4.293-4.293a1 1 0 111.414 1.414L11.414 10l4.293 4.293a1 1 0 01-1.414 1.414L10 11.414l-4.293 4.293a1 1 0 01-1.414-1.414L8.586 10 4.293 5.707a1 1 0 010-1.414z"[39m
              [36m/>[39m
            [36m</svg>[39m
          [36m</button>[39m
          [36m<div[39m
            [33mclass[39m=[32m"_body_418a26"[39m
          [36m>[39m
            [36m<div[39m
              [33mclass[39m=[32m"_container_f119bb"[39m
            [36m>[39m
              [36m<div[39m
                [33mclass[39m=[32m"_searchContainer_f119bb"[39m
              [36m>[39m
                [36m<input[39m
                  [33mclass[39m=[32m"_searchInput_f119bb"[39m
                  [33mplaceholder[39m=[32m"Search..."[39m
                  [33mtype[39m=[32m"text"[39m
                  [33mvalue[39m=[32m""[39m
                [36m/>[39m
              [36m</div>[39m
              [36m<div[39m
                [33mclass[39m=[32m"_resultsContainer_f119bb"[39m
              [36m/>[39m
              [36m<div[39m
                [33mclass[39m=[32m"_footer_f119bb"[39m
              [36m>[39m
                [36m<div[39m
                  [33mclass[39m=[32m"_footerItem_f119bb"[39m
                [36m>[39m
                  [36m<span[39m
                    [33mclass[39m=[32m"_kbd_f119bb"[39m
                  [36m>[39m
                    [0m↑↓[0m
                  [36m</span>[39m
                  [36m<span>[39m
                    [0mNavigate[0m
                  [36m</span>[39m
                [36m</div>[39m
                [36m<div[39m
                  [33mclass[39m=[32m"_footerItem_f119bb"[39m
                [36m>[39m
                  [36m<span[39m
                    [33mclass[39m=[32m"_kbd_f119bb"[39m
                  [36m>[39m
                    [0mEnter[0m
                  [36m</span>[39m
                  [36m<span>[39m
                    [0mSelect[0m
                  [36m</span>[39m
                [36m</div>[39m
                [36m<div[39m
                  [33mclass[39m=[32m"_footerItem_f119bb"[39m
                [36m>[39m
                  [36m<span[39m
                    [33mclass[39m=[32m"_kbd_f119bb"[39m
                  [36m>[39m
                    [0mEsc[0m
                  [36m</span>[39m
                  [36m<span>[39m
                    [0mClose[0m
                  [36m</span>[39m
                [36m</div>[39m
              [36m</div>[39m
            [36m</div>[39m
          [36m</div>[39m
        [36m</div>[39m
      [36m</div>[39m
    [36m</div>[39m
  [36m</body>[39m
[36m</html>[39m
[90m [2m❯[22m Module.waitForWrapper ../../node_modules/@testing-library/dom/dist/wait-for.js:[2m163:27[22m[39m
[36m [2m❯[22m src/components/SearchCommand/SearchCommand.test.tsx:[2m163:11[22m[39m
    [90m161| [39m    [35mawait[39m user[33m.[39m[34mtype[39m(input[33m,[39m [32m'test'[39m)[33m;[39m
    [90m162| [39m
    [90m163| [39m    [35mawait[39m [34mwaitFor[39m(() [33m=>[39m {
    [90m   | [39m          [31m^[39m
    [90m164| [39m      [34mexpect[39m(screen[33m.[39m[34mgetByText[39m([32m'Dashboard'[39m))[33m.[39m[34mtoBeInTheDocument[39m()[33m;[39m
    [90m165| [39m    })[33m;[39m

[31m[2m⎯⎯⎯⎯⎯⎯⎯⎯⎯⎯⎯⎯⎯⎯⎯⎯⎯⎯⎯⎯⎯⎯⎯[5/11]⎯[22m[39m

[41m[1m FAIL [22m[49m [30m[43m 0 [49m[39m src/components/SearchCommand/SearchCommand.test.tsx[2m > [22mSearchCommand[2m > [22mshould show empty message when no results
[31m[1mTestingLibraryElementError[22m[39m: Unable to find an element with the text: No results found. This could be because the text is broken up by multiple elements. In this case, you can provide a function for your text matcher to make your matcher more flexible.

Ignored nodes: comments, script, style
[36m<body[39m
  [33mstyle[39m=[32m"overflow: hidden; padding-right: 1024px;"[39m
[36m>[39m
  [36m<div />[39m
  [36m<div[39m
    [33mclass[39m=[32m"_overlay_aecc82"[39m
  [36m>[39m
    [36m<div[39m
      [33mclass[39m=[32m"_backdrop_aecc82"[39m
      [33mdata-testid[39m=[32m"overlay-backdrop"[39m
    [36m/>[39m
    [36m<div[39m
      [33mclass[39m=[32m"_content_aecc82"[39m
    [36m>[39m
      [36m<div[39m
        [33maria-modal[39m=[32m"true"[39m
        [33mclass[39m=[32m"_modal_418a26 _lg_418a26"[39m
        [33mrole[39m=[32m"dialog"[39m
      [36m>[39m
        [36m<button[39m
          [33maria-label[39m=[32m"Close modal"[39m
          [33mclass[39m=[32m"_closeButton_418a26"[39m
        [36m>[39m
          [36m<svg[39m
            [33mfill[39m=[32m"currentColor"[39m
            [33mheight[39m=[32m"20"[39m
            [33mviewBox[39m=[32m"0 0 20 20"[39m
            [33mwidth[39m=[32m"20"[39m
          [36m>[39m
            [36m<path[39m
              [33md[39m=[32m"M4.293 4.293a1 1 0 011.414 0L10 8.586l4.293-4.293a1 1 0 111.414 1.414L11.414 10l4.293 4.293a1 1 0 01-1.414 1.414L10 11.414l-4.293 4.293a1 1 0 01-1.414-1.414L8.586 10 4.293 5.707a1 1 0 010-1.414z"[39m
            [36m/>[39m
          [36m</svg>[39m
        [36m</button>[39m
        [36m<div[39m
          [33mclass[39m=[32m"_body_418a26"[39m
        [36m>[39m
          [36m<div[39m
            [33mclass[39m=[32m"_container_f119bb"[39m
          [36m>[39m
            [36m<div[39m
              [33mclass[39m=[32m"_searchContainer_f119bb"[39m
            [36m>[39m
              [36m<input[39m
                [33mclass[39m=[32m"_searchInput_f119bb"[39m
                [33mplaceholder[39m=[32m"Search..."[39m
                [33mtype[39m=[32m"text"[39m
                [33mvalue[39m=[32m""[39m
              [36m/>[39m
            [36m</div>[39m
            [36m<div[39m
              [33mclass[39m=[32m"_resultsContainer_f119bb"[39m
            [36m/>[39m
            [36m<div[39m
              [33mclass[39m=[32m"_footer_f119bb"[39m
            [36m>[39m
              [36m<div[39m
                [33mclass[39m=[32m"_footerItem_f119bb"[39m
              [36m>[39m
                [36m<span[39m
                  [33mclass[39m=[32m"_kbd_f119bb"[39m
                [36m>[39m
                  [0m↑↓[0m
                [36m</span>[39m
                [36m<span>[39m
                  [0mNavigate[0m
                [36m</span>[39m
              [36m</div>[39m
              [36m<div[39m
                [33mclass[39m=[32m"_footerItem_f119bb"[39m
              [36m>[39m
                [36m<span[39m
                  [33mclass[39m=[32m"_kbd_f119bb"[39m
                [36m>[39m
                  [0mEnter[0m
                [36m</span>[39m
                [36m<span>[39m
                  [0mSelect[0m
                [36m</span>[39m
              [36m</div>[39m
              [36m<div[39m
                [33mclass[39m=[32m"_footerItem_f119bb"[39m
              [36m>[39m
                [36m<span[39m
                  [33mclass[39m=[32m"_kbd_f119bb"[39m
                [36m>[39m
                  [0mEsc[0m
                [36m</span>[39m
                [36m<span>[39m
                  [0mClose[0m
                [36m</span>[39m
              [36m</div>[39m
            [36m</div>[39m
          [36m</div>[39m
        [36m</div>[39m
      [36m</div>[39m
    [36m</div>[39m
  [36m</div>[39m
[36m</body>[39m

Ignored nodes: comments, script, style
[36m<html[39m
  [33mstyle[39m=[32m""[39m
[36m>[39m
  [36m<head />[39m
  [36m<body[39m
    [33mstyle[39m=[32m"overflow: hidden; padding-right: 1024px;"[39m
  [36m>[39m
    [36m<div />[39m
    [36m<div[39m
      [33mclass[39m=[32m"_overlay_aecc82"[39m
    [36m>[39m
      [36m<div[39m
        [33mclass[39m=[32m"_backdrop_aecc82"[39m
        [33mdata-testid[39m=[32m"overlay-backdrop"[39m
      [36m/>[39m
      [36m<div[39m
        [33mclass[39m=[32m"_content_aecc82"[39m
      [36m>[39m
        [36m<div[39m
          [33maria-modal[39m=[32m"true"[39m
          [33mclass[39m=[32m"_modal_418a26 _lg_418a26"[39m
          [33mrole[39m=[32m"dialog"[39m
        [36m>[39m
          [36m<button[39m
            [33maria-label[39m=[32m"Close modal"[39m
            [33mclass[39m=[32m"_closeButton_418a26"[39m
          [36m>[39m
            [36m<svg[39m
              [33mfill[39m=[32m"currentColor"[39m
              [33mheight[39m=[32m"20"[39m
              [33mviewBox[39m=[32m"0 0 20 20"[39m
              [33mwidth[39m=[32m"20"[39m
            [36m>[39m
              [36m<path[39m
                [33md[39m=[32m"M4.293 4.293a1 1 0 011.414 0L10 8.586l4.293-4.293a1 1 0 111.414 1.414L11.414 10l4.293 4.293a1 1 0 01-1.414 1.414L10 11.414l-4.293 4.293a1 1 0 01-1.414-1.414L8.586 10 4.293 5.707a1 1 0 010-1.414z"[39m
              [36m/>[39m
            [36m</svg>[39m
          [36m</button>[39m
          [36m<div[39m
            [33mclass[39m=[32m"_body_418a26"[39m
          [36m>[39m
            [36m<div[39m
              [33mclass[39m=[32m"_container_f119bb"[39m
            [36m>[39m
              [36m<div[39m
                [33mclass[39m=[32m"_searchContainer_f119bb"[39m
              [36m>[39m
                [36m<input[39m
                  [33mclass[39m=[32m"_searchInput_f119bb"[39m
                  [33mplaceholder[39m=[32m"Search..."[39m
                  [33mtype[39m=[32m"text"[39m
                  [33mvalue[39m=[32m""[39m
                [36m/>[39m
              [36m</div>[39m
              [36m<div[39m
                [33mclass[39m=[32m"_resultsContainer_f119bb"[39m
              [36m/>[39m
              [36m<div[39m
                [33mclass[39m=[32m"_footer_f119bb"[39m
              [36m>[39m
                [36m<div[39m
                  [33mclass[39m=[32m"_footerItem_f119bb"[39m
                [36m>[39m
                  [36m<span[39m
                    [33mclass[39m=[32m"_kbd_f119bb"[39m
                  [36m>[39m
                    [0m↑↓[0m
                  [36m</span>[39m
                  [36m<span>[39m
                    [0mNavigate[0m
                  [36m</span>[39m
                [36m</div>[39m
                [36m<div[39m
                  [33mclass[39m=[32m"_footerItem_f119bb"[39m
                [36m>[39m
                  [36m<span[39m
                    [33mclass[39m=[32m"_kbd_f119bb"[39m
                  [36m>[39m
                    [0mEnter[0m
                  [36m</span>[39m
                  [36m<span>[39m
                    [0mSelect[0m
                  [36m</span>[39m
                [36m</div>[39m
                [36m<div[39m
                  [33mclass[39m=[32m"_footerItem_f119bb"[39m
                [36m>[39m
                  [36m<span[39m
                    [33mclass[39m=[32m"_kbd_f119bb"[39m
                  [36m>[39m
                    [0mEsc[0m
                  [36m</span>[39m
                  [36m<span>[39m
                    [0mClose[0m
                  [36m</span>[39m
                [36m</div>[39m
              [36m</div>[39m
            [36m</div>[39m
          [36m</div>[39m
        [36m</div>[39m
      [36m</div>[39m
    [36m</div>[39m
  [36m</body>[39m
[36m</html>[39m
[90m [2m❯[22m Module.waitForWrapper ../../node_modules/@testing-library/dom/dist/wait-for.js:[2m163:27[22m[39m
[36m [2m❯[22m src/components/SearchCommand/SearchCommand.test.tsx:[2m207:11[22m[39m
    [90m205| [39m    [35mawait[39m user[33m.[39m[34mtype[39m(input[33m,[39m [32m'test'[39m)[33m;[39m
    [90m206| [39m
    [90m207| [39m    [35mawait[39m [34mwaitFor[39m(() [33m=>[39m {
    [90m   | [39m          [31m^[39m
    [90m208| [39m      [34mexpect[39m(screen[33m.[39m[34mgetByText[39m([32m'No results found'[39m))[33m.[39m[34mtoBeInTheDocument[39m()[33m;[39m
    [90m209| [39m    })[33m;[39m

[31m[2m⎯⎯⎯⎯⎯⎯⎯⎯⎯⎯⎯⎯⎯⎯⎯⎯⎯⎯⎯⎯⎯⎯⎯[6/11]⎯[22m[39m

[41m[1m FAIL [22m[49m [30m[43m 0 [49m[39m src/components/Toast/Toast.test.tsx[2m > [22mToast[2m > [22mshould dismiss when close button clicked
[31m[1mError[22m: [2mexpect([22m[31melement[31m[2m).not.toBeInTheDocument()[22m

[31mexpected document not to contain element, found <div
  class="_message_78370f"
>
  Test message
</div> instead[31m

Ignored nodes: comments, script, style
[36m<html[31m
  [33mstyle[31m=[32m""[31m
[36m>[31m
  [36m<head />[31m
  [36m<body[31m
    [33mstyle[31m=[32m""[31m
  [36m>[31m
    [36m<div>[31m
      [36m<div>[31m
        [36m<button>[31m
          [0mShow Toast[0m
        [36m</button>[31m
        [36m<button>[31m
          [0mShow Success[0m
        [36m</button>[31m
        [36m<button>[31m
          [0mShow Error[0m
        [36m</button>[31m
        [36m<button>[31m
          [0mDismiss Toast[0m
        [36m</button>[31m
        [36m<button>[31m
          [0mDismiss All[0m
        [36m</button>[31m
      [36m</div>[31m
    [36m</div>[31m
    [36m<div[31m
      [33mclass[31m=[32m"_container_78370f _topRight_78370f"[31m
    [36m>[31m
      [36m<div[31m
        [33maria-atomic[31m=[32m"true"[31m
        [33maria-live[31m=[32m"polite"[31m
        [33mclass[31m=[32m"_toast_78370f _info_78370f"[31m
        [33mrole[31m=[32m"alert"[31m
      [36m>[31m
        [36m<svg[31m
          [33maria-hidden[31m=[32m"true"[31m
          [33mclass[31m=[32m"_icon_78370f"[31m
          [33mfill[31m=[32m"none"[31m
          [33mstroke[31m=[32m"currentColor"[31m
          [33mviewBox[31m=[32m"0 0 24 24"[31m
        [36m>[31m
          [36m<path[31m
            [33md[31m=[32m"M13 16h-1v-4h-1m1-4h.01M21 12a9 9 0 11-18 0 9 9 0 0118 0z"[31m
            [33mstroke-linecap[31m=[32m"round"[31m
            [33mstroke-linejoin[31m=[32m"round"[31m
            [33mstroke-width[31m=[32m"2"[31m
          [36m/>[31m
        [36m</svg>[31m
        [36m<div[31m
          [33mclass[31m=[32m"_message_78370f"[31m
        [36m>[31m
          [0mTest message[0m
        [36m</div>[31m
        [36m<button[31m
          [33maria-label[31m=[32m"Close notification"[31m
          [33mclass[31m=[32m"_closeButton_78370f"[31m
          [33mtype[31m=[32m"button"[31m
        [36m>[31m
          [36m<svg[31m
            [33maria-hidden[31m=[32m"true"[31m
            [33mclass[31m=[32m"_closeIcon_78370f"[31m
            [33mfill[31m=[32m"none"[31m
            [33mstroke[31m=[32m"currentColor"[31m
            [33mviewBox[31m=[32m"0 0 24 24"[31m
          [36m>[31m
            [36m<path[31m
              [33md[31m=[32m"M6 18L18 6M6 6l12 12"[31m
              [33mstroke-linecap[31m=[32m"round"[31m
              [33mstroke-linejoin[31m=[32m"round"[31m
              [33mstroke-width[31m=[32m"2"[31m
            [36m/>[31m
          [36m</svg>[31m
        [36m</button>[31m
      [36m</div>[31m
    [36m</div>[31m
  [36m</body>[31m
[36m</html>[31m[39m
[36m [2m❯[22m src/components/Toast/Toast.test.tsx:[2m177:54[22m[39m
    [90m175| [39m
    [90m176| [39m    [35mawait[39m [34mwaitFor[39m(() [33m=>[39m {
    [90m177| [39m      expect(screen.queryByText('Test message')).not.toBeInTheDocument…
    [90m   | [39m                                                     [31m^[39m
    [90m178| [39m    })[33m;[39m
    [90m179| [39m  })[33m;[39m
[90m [2m❯[22m runWithExpensiveErrorDiagnosticsDisabled ../../node_modules/@testing-library/dom/dist/config.js:[2m47:12[22m[39m
[90m [2m❯[22m checkCallback ../../node_modules/@testing-library/dom/dist/wait-for.js:[2m124:77[22m[39m
[90m [2m❯[22m Timeout.checkRealTimersCallback ../../node_modules/@testing-library/dom/dist/wait-for.js:[2m118:16[22m[39m

[31m[2m⎯⎯⎯⎯⎯⎯⎯⎯⎯⎯⎯⎯⎯⎯⎯⎯⎯⎯⎯⎯⎯⎯⎯[7/11]⎯[22m[39m

[41m[1m FAIL [22m[49m [30m[43m 0 [49m[39m src/components/primitives/Overlay/Overlay.test.tsx[2m > [22mOverlay[2m > [22mshould call onClose on backdrop click
[31m[1mAssertionError[22m: expected "vi.fn()" to be called 1 times, but got 0 times[39m
[36m [2m❯[22m src/components/primitives/Overlay/Overlay.test.tsx:[2m78:21[22m[39m
    [90m 76| [39m    [35mawait[39m user[33m.[39m[34mclick[39m(backdrop)[33m;[39m
    [90m 77| [39m
    [90m 78| [39m    [34mexpect[39m(onClose)[33m.[39m[34mtoHaveBeenCalledTimes[39m([34m1[39m)[33m;[39m
    [90m   | [39m                    [31m^[39m
    [90m 79| [39m  })[33m;[39m
    [90m 80| [39m

[31m[2m⎯⎯⎯⎯⎯⎯⎯⎯⎯⎯⎯⎯⎯⎯⎯⎯⎯⎯⎯⎯⎯⎯⎯[8/11]⎯[22m[39m


[2m Test Files [22m [1m[31m4 failed[39m[22m[2m | [22m[1m[32m53 passed[39m[22m[90m (57)[39m
[2m      Tests [22m [1m[31m11 failed[39m[22m[2m | [22m[1m[32m658 passed[39m[22m[90m (669)[39m
[2m   Start at [22m 22:48:14
[2m   Duration [22m 14.26s[2m (transform 3.05s, setup 11.89s, import 22.14s, tests 51.59s, environment 30.63s)[22m

